C:/Users/khatti/Documents/esp-hosted-h7/host/stm32/app/control/control.c:74:11:get_self_ip_station	16	static
C:/Users/khatti/Documents/esp-hosted-h7/host/stm32/app/control/control.c:89:11:get_self_ip_softap	16	static
C:/Users/khatti/Documents/esp-hosted-h7/host/stm32/app/control/control.c:104:10:get_self_mac_station	4	static
C:/Users/khatti/Documents/esp-hosted-h7/host/stm32/app/control/control.c:114:10:get_self_mac_softap	4	static
C:/Users/khatti/Documents/esp-hosted-h7/host/stm32/app/control/control.c:124:11:get_arp_dst_ip_station	16	static
C:/Users/khatti/Documents/esp-hosted-h7/host/stm32/app/control/control.c:139:11:get_arp_dst_ip_softap	16	static
C:/Users/khatti/Documents/esp-hosted-h7/host/stm32/app/control/control.c:156:6:control_path_init	56	static
C:/Users/khatti/Documents/esp-hosted-h7/host/stm32/app/control/control.c:186:6:control_path_deinit	8	static
C:/Users/khatti/Documents/esp-hosted-h7/host/stm32/app/control/control.c:199:16:get_boolean_param	16	static
C:/Users/khatti/Documents/esp-hosted-h7/host/stm32/app/control/control.c:212:16:get_param_softap_bw	8	static
C:/Users/khatti/Documents/esp-hosted-h7/host/stm32/app/control/control.c:232:16:get_param_softap_encryption	4	static
C:/Users/khatti/Documents/esp-hosted-h7/host/stm32/app/control/control.c:258:13:control_path_call_event	16	static
C:/Users/khatti/Documents/esp-hosted-h7/host/stm32/app/control/control.c:270:18:save_softap_mac	16	static
C:/Users/khatti/Documents/esp-hosted-h7/host/stm32/app/control/control.c:280:18:save_station_mac	16	static
C:/Users/khatti/Documents/esp-hosted-h7/host/stm32/app/control/control.c:289:13:print_configuration_parameters	8	static
C:/Users/khatti/Documents/esp-hosted-h7/host/stm32/app/control/control.c:328:12:station_connect	312	static
C:/Users/khatti/Documents/esp-hosted-h7/host/stm32/app/control/control.c:379:12:softap_start	320	static
C:/Users/khatti/Documents/esp-hosted-h7/host/stm32/app/control/control.c:449:12:get_ap_scan_list	40	static
C:/Users/khatti/Documents/esp-hosted-h7/host/stm32/app/control/control.c:485:12:get_application_mode	8	static
C:/Users/khatti/Documents/esp-hosted-h7/host/stm32/app/control/control.c:518:13:control_path_task	40	static
