C:/Users/khatti/Documents/esp-hosted-h7/host/stm32/app/control/platform_wrapper.c:40:5:control_path_platform_init	16	static
C:/Users/khatti/Documents/esp-hosted-h7/host/stm32/app/control/platform_wrapper.c:67:5:control_path_platform_deinit	8	static
C:/Users/khatti/Documents/esp-hosted-h7/host/stm32/app/control/platform_wrapper.c:76:13:control_path_rx_indication	8	static
C:/Users/khatti/Documents/esp-hosted-h7/host/stm32/app/control/platform_wrapper.c:81:6:esp_hosted_heap_init	16	static
C:/Users/khatti/Documents/esp-hosted-h7/host/stm32/app/control/platform_wrapper.c:86:7:esp_hosted_malloc	24	static
C:/Users/khatti/Documents/esp-hosted-h7/host/stm32/app/control/platform_wrapper.c:92:7:esp_hosted_calloc	24	static
C:/Users/khatti/Documents/esp-hosted-h7/host/stm32/app/control/platform_wrapper.c:100:6:esp_hosted_free	16	static
C:/Users/khatti/Documents/esp-hosted-h7/host/stm32/app/control/platform_wrapper.c:105:36:esp_hosted_driver_open	24	static
C:/Users/khatti/Documents/esp-hosted-h7/host/stm32/app/control/platform_wrapper.c:121:5:esp_hosted_driver_write	32	static
C:/Users/khatti/Documents/esp-hosted-h7/host/stm32/app/control/platform_wrapper.c:148:10:esp_hosted_driver_read	48	static
C:/Users/khatti/Documents/esp-hosted-h7/host/stm32/app/control/platform_wrapper.c:245:5:esp_hosted_driver_close	16	static
