C:/Users/khatti/Documents/esp-hosted-h7/esp-common/esp_hosted_config.pb-c.c:10:8:esp_hosted_cmd_get_mac_address__init	24	static
C:/Users/khatti/Documents/esp-hosted-h7/esp-common/esp_hosted_config.pb-c.c:16:8:esp_hosted_cmd_get_mac_address__get_packed_size	16	static
C:/Users/khatti/Documents/esp-hosted-h7/esp-common/esp_hosted_config.pb-c.c:22:8:esp_hosted_cmd_get_mac_address__pack	16	static
C:/Users/khatti/Documents/esp-hosted-h7/esp-common/esp_hosted_config.pb-c.c:29:8:esp_hosted_cmd_get_mac_address__pack_to_buffer	16	static
C:/Users/khatti/Documents/esp-hosted-h7/esp-common/esp_hosted_config.pb-c.c:37:8:esp_hosted_cmd_get_mac_address__unpack	24	static
C:/Users/khatti/Documents/esp-hosted-h7/esp-common/esp_hosted_config.pb-c.c:46:8:esp_hosted_cmd_get_mac_address__free_unpacked	16	static
C:/Users/khatti/Documents/esp-hosted-h7/esp-common/esp_hosted_config.pb-c.c:53:8:esp_hosted_resp_get_mac_address__init	24	static
C:/Users/khatti/Documents/esp-hosted-h7/esp-common/esp_hosted_config.pb-c.c:59:8:esp_hosted_resp_get_mac_address__get_packed_size	16	static
C:/Users/khatti/Documents/esp-hosted-h7/esp-common/esp_hosted_config.pb-c.c:65:8:esp_hosted_resp_get_mac_address__pack	16	static
C:/Users/khatti/Documents/esp-hosted-h7/esp-common/esp_hosted_config.pb-c.c:72:8:esp_hosted_resp_get_mac_address__pack_to_buffer	16	static
C:/Users/khatti/Documents/esp-hosted-h7/esp-common/esp_hosted_config.pb-c.c:80:8:esp_hosted_resp_get_mac_address__unpack	24	static
C:/Users/khatti/Documents/esp-hosted-h7/esp-common/esp_hosted_config.pb-c.c:89:8:esp_hosted_resp_get_mac_address__free_unpacked	16	static
C:/Users/khatti/Documents/esp-hosted-h7/esp-common/esp_hosted_config.pb-c.c:96:8:esp_hosted_cmd_get_mode__init	16	static
C:/Users/khatti/Documents/esp-hosted-h7/esp-common/esp_hosted_config.pb-c.c:102:8:esp_hosted_cmd_get_mode__get_packed_size	16	static
C:/Users/khatti/Documents/esp-hosted-h7/esp-common/esp_hosted_config.pb-c.c:108:8:esp_hosted_cmd_get_mode__pack	16	static
C:/Users/khatti/Documents/esp-hosted-h7/esp-common/esp_hosted_config.pb-c.c:115:8:esp_hosted_cmd_get_mode__pack_to_buffer	16	static
C:/Users/khatti/Documents/esp-hosted-h7/esp-common/esp_hosted_config.pb-c.c:123:8:esp_hosted_cmd_get_mode__unpack	24	static
C:/Users/khatti/Documents/esp-hosted-h7/esp-common/esp_hosted_config.pb-c.c:132:8:esp_hosted_cmd_get_mode__free_unpacked	16	static
C:/Users/khatti/Documents/esp-hosted-h7/esp-common/esp_hosted_config.pb-c.c:139:8:esp_hosted_resp_get_mode__init	24	static
C:/Users/khatti/Documents/esp-hosted-h7/esp-common/esp_hosted_config.pb-c.c:145:8:esp_hosted_resp_get_mode__get_packed_size	16	static
C:/Users/khatti/Documents/esp-hosted-h7/esp-common/esp_hosted_config.pb-c.c:151:8:esp_hosted_resp_get_mode__pack	16	static
C:/Users/khatti/Documents/esp-hosted-h7/esp-common/esp_hosted_config.pb-c.c:158:8:esp_hosted_resp_get_mode__pack_to_buffer	16	static
C:/Users/khatti/Documents/esp-hosted-h7/esp-common/esp_hosted_config.pb-c.c:166:8:esp_hosted_resp_get_mode__unpack	24	static
C:/Users/khatti/Documents/esp-hosted-h7/esp-common/esp_hosted_config.pb-c.c:175:8:esp_hosted_resp_get_mode__free_unpacked	16	static
C:/Users/khatti/Documents/esp-hosted-h7/esp-common/esp_hosted_config.pb-c.c:182:8:esp_hosted_cmd_set_mode__init	24	static
C:/Users/khatti/Documents/esp-hosted-h7/esp-common/esp_hosted_config.pb-c.c:188:8:esp_hosted_cmd_set_mode__get_packed_size	16	static
C:/Users/khatti/Documents/esp-hosted-h7/esp-common/esp_hosted_config.pb-c.c:194:8:esp_hosted_cmd_set_mode__pack	16	static
C:/Users/khatti/Documents/esp-hosted-h7/esp-common/esp_hosted_config.pb-c.c:201:8:esp_hosted_cmd_set_mode__pack_to_buffer	16	static
C:/Users/khatti/Documents/esp-hosted-h7/esp-common/esp_hosted_config.pb-c.c:209:8:esp_hosted_cmd_set_mode__unpack	24	static
C:/Users/khatti/Documents/esp-hosted-h7/esp-common/esp_hosted_config.pb-c.c:218:8:esp_hosted_cmd_set_mode__free_unpacked	16	static
C:/Users/khatti/Documents/esp-hosted-h7/esp-common/esp_hosted_config.pb-c.c:225:8:esp_hosted_resp_set_mode__init	24	static
C:/Users/khatti/Documents/esp-hosted-h7/esp-common/esp_hosted_config.pb-c.c:231:8:esp_hosted_resp_set_mode__get_packed_size	16	static
C:/Users/khatti/Documents/esp-hosted-h7/esp-common/esp_hosted_config.pb-c.c:237:8:esp_hosted_resp_set_mode__pack	16	static
C:/Users/khatti/Documents/esp-hosted-h7/esp-common/esp_hosted_config.pb-c.c:244:8:esp_hosted_resp_set_mode__pack_to_buffer	16	static
C:/Users/khatti/Documents/esp-hosted-h7/esp-common/esp_hosted_config.pb-c.c:252:8:esp_hosted_resp_set_mode__unpack	24	static
C:/Users/khatti/Documents/esp-hosted-h7/esp-common/esp_hosted_config.pb-c.c:261:8:esp_hosted_resp_set_mode__free_unpacked	16	static
C:/Users/khatti/Documents/esp-hosted-h7/esp-common/esp_hosted_config.pb-c.c:268:8:esp_hosted_cmd_get_status__init	16	static
C:/Users/khatti/Documents/esp-hosted-h7/esp-common/esp_hosted_config.pb-c.c:274:8:esp_hosted_cmd_get_status__get_packed_size	16	static
C:/Users/khatti/Documents/esp-hosted-h7/esp-common/esp_hosted_config.pb-c.c:280:8:esp_hosted_cmd_get_status__pack	16	static
C:/Users/khatti/Documents/esp-hosted-h7/esp-common/esp_hosted_config.pb-c.c:287:8:esp_hosted_cmd_get_status__pack_to_buffer	16	static
C:/Users/khatti/Documents/esp-hosted-h7/esp-common/esp_hosted_config.pb-c.c:295:8:esp_hosted_cmd_get_status__unpack	24	static
C:/Users/khatti/Documents/esp-hosted-h7/esp-common/esp_hosted_config.pb-c.c:304:8:esp_hosted_cmd_get_status__free_unpacked	16	static
C:/Users/khatti/Documents/esp-hosted-h7/esp-common/esp_hosted_config.pb-c.c:311:8:esp_hosted_resp_get_status__init	24	static
C:/Users/khatti/Documents/esp-hosted-h7/esp-common/esp_hosted_config.pb-c.c:317:8:esp_hosted_resp_get_status__get_packed_size	16	static
C:/Users/khatti/Documents/esp-hosted-h7/esp-common/esp_hosted_config.pb-c.c:323:8:esp_hosted_resp_get_status__pack	16	static
C:/Users/khatti/Documents/esp-hosted-h7/esp-common/esp_hosted_config.pb-c.c:330:8:esp_hosted_resp_get_status__pack_to_buffer	16	static
C:/Users/khatti/Documents/esp-hosted-h7/esp-common/esp_hosted_config.pb-c.c:338:8:esp_hosted_resp_get_status__unpack	24	static
C:/Users/khatti/Documents/esp-hosted-h7/esp-common/esp_hosted_config.pb-c.c:347:8:esp_hosted_resp_get_status__free_unpacked	16	static
C:/Users/khatti/Documents/esp-hosted-h7/esp-common/esp_hosted_config.pb-c.c:354:8:esp_hosted_cmd_set_mac_address__init	24	static
C:/Users/khatti/Documents/esp-hosted-h7/esp-common/esp_hosted_config.pb-c.c:360:8:esp_hosted_cmd_set_mac_address__get_packed_size	16	static
C:/Users/khatti/Documents/esp-hosted-h7/esp-common/esp_hosted_config.pb-c.c:366:8:esp_hosted_cmd_set_mac_address__pack	16	static
C:/Users/khatti/Documents/esp-hosted-h7/esp-common/esp_hosted_config.pb-c.c:373:8:esp_hosted_cmd_set_mac_address__pack_to_buffer	16	static
C:/Users/khatti/Documents/esp-hosted-h7/esp-common/esp_hosted_config.pb-c.c:381:8:esp_hosted_cmd_set_mac_address__unpack	24	static
C:/Users/khatti/Documents/esp-hosted-h7/esp-common/esp_hosted_config.pb-c.c:390:8:esp_hosted_cmd_set_mac_address__free_unpacked	16	static
C:/Users/khatti/Documents/esp-hosted-h7/esp-common/esp_hosted_config.pb-c.c:397:8:esp_hosted_resp_set_mac_address__init	24	static
C:/Users/khatti/Documents/esp-hosted-h7/esp-common/esp_hosted_config.pb-c.c:403:8:esp_hosted_resp_set_mac_address__get_packed_size	16	static
C:/Users/khatti/Documents/esp-hosted-h7/esp-common/esp_hosted_config.pb-c.c:409:8:esp_hosted_resp_set_mac_address__pack	16	static
C:/Users/khatti/Documents/esp-hosted-h7/esp-common/esp_hosted_config.pb-c.c:416:8:esp_hosted_resp_set_mac_address__pack_to_buffer	16	static
C:/Users/khatti/Documents/esp-hosted-h7/esp-common/esp_hosted_config.pb-c.c:424:8:esp_hosted_resp_set_mac_address__unpack	24	static
C:/Users/khatti/Documents/esp-hosted-h7/esp-common/esp_hosted_config.pb-c.c:433:8:esp_hosted_resp_set_mac_address__free_unpacked	16	static
C:/Users/khatti/Documents/esp-hosted-h7/esp-common/esp_hosted_config.pb-c.c:440:8:esp_hosted_cmd_get_apconfig__init	16	static
C:/Users/khatti/Documents/esp-hosted-h7/esp-common/esp_hosted_config.pb-c.c:446:8:esp_hosted_cmd_get_apconfig__get_packed_size	16	static
C:/Users/khatti/Documents/esp-hosted-h7/esp-common/esp_hosted_config.pb-c.c:452:8:esp_hosted_cmd_get_apconfig__pack	16	static
C:/Users/khatti/Documents/esp-hosted-h7/esp-common/esp_hosted_config.pb-c.c:459:8:esp_hosted_cmd_get_apconfig__pack_to_buffer	16	static
C:/Users/khatti/Documents/esp-hosted-h7/esp-common/esp_hosted_config.pb-c.c:467:8:esp_hosted_cmd_get_apconfig__unpack	24	static
C:/Users/khatti/Documents/esp-hosted-h7/esp-common/esp_hosted_config.pb-c.c:476:8:esp_hosted_cmd_get_apconfig__free_unpacked	16	static
C:/Users/khatti/Documents/esp-hosted-h7/esp-common/esp_hosted_config.pb-c.c:483:8:esp_hosted_resp_get_apconfig__init	16	static
C:/Users/khatti/Documents/esp-hosted-h7/esp-common/esp_hosted_config.pb-c.c:489:8:esp_hosted_resp_get_apconfig__get_packed_size	16	static
C:/Users/khatti/Documents/esp-hosted-h7/esp-common/esp_hosted_config.pb-c.c:495:8:esp_hosted_resp_get_apconfig__pack	16	static
C:/Users/khatti/Documents/esp-hosted-h7/esp-common/esp_hosted_config.pb-c.c:502:8:esp_hosted_resp_get_apconfig__pack_to_buffer	16	static
C:/Users/khatti/Documents/esp-hosted-h7/esp-common/esp_hosted_config.pb-c.c:510:8:esp_hosted_resp_get_apconfig__unpack	24	static
C:/Users/khatti/Documents/esp-hosted-h7/esp-common/esp_hosted_config.pb-c.c:519:8:esp_hosted_resp_get_apconfig__free_unpacked	16	static
C:/Users/khatti/Documents/esp-hosted-h7/esp-common/esp_hosted_config.pb-c.c:526:8:esp_hosted_cmd_set_apconfig__init	24	static
C:/Users/khatti/Documents/esp-hosted-h7/esp-common/esp_hosted_config.pb-c.c:532:8:esp_hosted_cmd_set_apconfig__get_packed_size	16	static
C:/Users/khatti/Documents/esp-hosted-h7/esp-common/esp_hosted_config.pb-c.c:538:8:esp_hosted_cmd_set_apconfig__pack	16	static
C:/Users/khatti/Documents/esp-hosted-h7/esp-common/esp_hosted_config.pb-c.c:545:8:esp_hosted_cmd_set_apconfig__pack_to_buffer	16	static
C:/Users/khatti/Documents/esp-hosted-h7/esp-common/esp_hosted_config.pb-c.c:553:8:esp_hosted_cmd_set_apconfig__unpack	24	static
C:/Users/khatti/Documents/esp-hosted-h7/esp-common/esp_hosted_config.pb-c.c:562:8:esp_hosted_cmd_set_apconfig__free_unpacked	16	static
C:/Users/khatti/Documents/esp-hosted-h7/esp-common/esp_hosted_config.pb-c.c:569:8:esp_hosted_resp_set_apconfig__init	24	static
C:/Users/khatti/Documents/esp-hosted-h7/esp-common/esp_hosted_config.pb-c.c:575:8:esp_hosted_resp_set_apconfig__get_packed_size	16	static
C:/Users/khatti/Documents/esp-hosted-h7/esp-common/esp_hosted_config.pb-c.c:581:8:esp_hosted_resp_set_apconfig__pack	16	static
C:/Users/khatti/Documents/esp-hosted-h7/esp-common/esp_hosted_config.pb-c.c:588:8:esp_hosted_resp_set_apconfig__pack_to_buffer	16	static
C:/Users/khatti/Documents/esp-hosted-h7/esp-common/esp_hosted_config.pb-c.c:596:8:esp_hosted_resp_set_apconfig__unpack	24	static
C:/Users/khatti/Documents/esp-hosted-h7/esp-common/esp_hosted_config.pb-c.c:605:8:esp_hosted_resp_set_apconfig__free_unpacked	16	static
C:/Users/khatti/Documents/esp-hosted-h7/esp-common/esp_hosted_config.pb-c.c:612:8:esp_hosted_cmd_get_soft_apconfig__init	16	static
C:/Users/khatti/Documents/esp-hosted-h7/esp-common/esp_hosted_config.pb-c.c:618:8:esp_hosted_cmd_get_soft_apconfig__get_packed_size	16	static
C:/Users/khatti/Documents/esp-hosted-h7/esp-common/esp_hosted_config.pb-c.c:624:8:esp_hosted_cmd_get_soft_apconfig__pack	16	static
C:/Users/khatti/Documents/esp-hosted-h7/esp-common/esp_hosted_config.pb-c.c:631:8:esp_hosted_cmd_get_soft_apconfig__pack_to_buffer	16	static
C:/Users/khatti/Documents/esp-hosted-h7/esp-common/esp_hosted_config.pb-c.c:639:8:esp_hosted_cmd_get_soft_apconfig__unpack	24	static
C:/Users/khatti/Documents/esp-hosted-h7/esp-common/esp_hosted_config.pb-c.c:648:8:esp_hosted_cmd_get_soft_apconfig__free_unpacked	16	static
C:/Users/khatti/Documents/esp-hosted-h7/esp-common/esp_hosted_config.pb-c.c:655:8:esp_hosted_resp_get_soft_apconfig__init	16	static
C:/Users/khatti/Documents/esp-hosted-h7/esp-common/esp_hosted_config.pb-c.c:661:8:esp_hosted_resp_get_soft_apconfig__get_packed_size	16	static
C:/Users/khatti/Documents/esp-hosted-h7/esp-common/esp_hosted_config.pb-c.c:667:8:esp_hosted_resp_get_soft_apconfig__pack	16	static
C:/Users/khatti/Documents/esp-hosted-h7/esp-common/esp_hosted_config.pb-c.c:674:8:esp_hosted_resp_get_soft_apconfig__pack_to_buffer	16	static
C:/Users/khatti/Documents/esp-hosted-h7/esp-common/esp_hosted_config.pb-c.c:682:8:esp_hosted_resp_get_soft_apconfig__unpack	24	static
C:/Users/khatti/Documents/esp-hosted-h7/esp-common/esp_hosted_config.pb-c.c:691:8:esp_hosted_resp_get_soft_apconfig__free_unpacked	16	static
C:/Users/khatti/Documents/esp-hosted-h7/esp-common/esp_hosted_config.pb-c.c:698:8:esp_hosted_cmd_set_soft_apconfig__init	24	static
C:/Users/khatti/Documents/esp-hosted-h7/esp-common/esp_hosted_config.pb-c.c:704:8:esp_hosted_cmd_set_soft_apconfig__get_packed_size	16	static
C:/Users/khatti/Documents/esp-hosted-h7/esp-common/esp_hosted_config.pb-c.c:710:8:esp_hosted_cmd_set_soft_apconfig__pack	16	static
C:/Users/khatti/Documents/esp-hosted-h7/esp-common/esp_hosted_config.pb-c.c:717:8:esp_hosted_cmd_set_soft_apconfig__pack_to_buffer	16	static
C:/Users/khatti/Documents/esp-hosted-h7/esp-common/esp_hosted_config.pb-c.c:725:8:esp_hosted_cmd_set_soft_apconfig__unpack	24	static
C:/Users/khatti/Documents/esp-hosted-h7/esp-common/esp_hosted_config.pb-c.c:734:8:esp_hosted_cmd_set_soft_apconfig__free_unpacked	16	static
C:/Users/khatti/Documents/esp-hosted-h7/esp-common/esp_hosted_config.pb-c.c:741:8:esp_hosted_resp_set_soft_apconfig__init	24	static
C:/Users/khatti/Documents/esp-hosted-h7/esp-common/esp_hosted_config.pb-c.c:747:8:esp_hosted_resp_set_soft_apconfig__get_packed_size	16	static
C:/Users/khatti/Documents/esp-hosted-h7/esp-common/esp_hosted_config.pb-c.c:753:8:esp_hosted_resp_set_soft_apconfig__pack	16	static
C:/Users/khatti/Documents/esp-hosted-h7/esp-common/esp_hosted_config.pb-c.c:760:8:esp_hosted_resp_set_soft_apconfig__pack_to_buffer	16	static
C:/Users/khatti/Documents/esp-hosted-h7/esp-common/esp_hosted_config.pb-c.c:768:8:esp_hosted_resp_set_soft_apconfig__unpack	24	static
C:/Users/khatti/Documents/esp-hosted-h7/esp-common/esp_hosted_config.pb-c.c:777:8:esp_hosted_resp_set_soft_apconfig__free_unpacked	16	static
C:/Users/khatti/Documents/esp-hosted-h7/esp-common/esp_hosted_config.pb-c.c:784:8:esp_hosted_scan_result__init	24	static
C:/Users/khatti/Documents/esp-hosted-h7/esp-common/esp_hosted_config.pb-c.c:790:8:esp_hosted_scan_result__get_packed_size	16	static
C:/Users/khatti/Documents/esp-hosted-h7/esp-common/esp_hosted_config.pb-c.c:796:8:esp_hosted_scan_result__pack	16	static
C:/Users/khatti/Documents/esp-hosted-h7/esp-common/esp_hosted_config.pb-c.c:803:8:esp_hosted_scan_result__pack_to_buffer	16	static
C:/Users/khatti/Documents/esp-hosted-h7/esp-common/esp_hosted_config.pb-c.c:811:8:esp_hosted_scan_result__unpack	24	static
C:/Users/khatti/Documents/esp-hosted-h7/esp-common/esp_hosted_config.pb-c.c:820:8:esp_hosted_scan_result__free_unpacked	16	static
C:/Users/khatti/Documents/esp-hosted-h7/esp-common/esp_hosted_config.pb-c.c:827:8:esp_hosted_cmd_scan_result__init	16	static
C:/Users/khatti/Documents/esp-hosted-h7/esp-common/esp_hosted_config.pb-c.c:833:8:esp_hosted_cmd_scan_result__get_packed_size	16	static
C:/Users/khatti/Documents/esp-hosted-h7/esp-common/esp_hosted_config.pb-c.c:839:8:esp_hosted_cmd_scan_result__pack	16	static
C:/Users/khatti/Documents/esp-hosted-h7/esp-common/esp_hosted_config.pb-c.c:846:8:esp_hosted_cmd_scan_result__pack_to_buffer	16	static
C:/Users/khatti/Documents/esp-hosted-h7/esp-common/esp_hosted_config.pb-c.c:854:8:esp_hosted_cmd_scan_result__unpack	24	static
C:/Users/khatti/Documents/esp-hosted-h7/esp-common/esp_hosted_config.pb-c.c:863:8:esp_hosted_cmd_scan_result__free_unpacked	16	static
C:/Users/khatti/Documents/esp-hosted-h7/esp-common/esp_hosted_config.pb-c.c:870:8:esp_hosted_resp_scan_result__init	24	static
C:/Users/khatti/Documents/esp-hosted-h7/esp-common/esp_hosted_config.pb-c.c:876:8:esp_hosted_resp_scan_result__get_packed_size	16	static
C:/Users/khatti/Documents/esp-hosted-h7/esp-common/esp_hosted_config.pb-c.c:882:8:esp_hosted_resp_scan_result__pack	16	static
C:/Users/khatti/Documents/esp-hosted-h7/esp-common/esp_hosted_config.pb-c.c:889:8:esp_hosted_resp_scan_result__pack_to_buffer	16	static
C:/Users/khatti/Documents/esp-hosted-h7/esp-common/esp_hosted_config.pb-c.c:897:8:esp_hosted_resp_scan_result__unpack	24	static
C:/Users/khatti/Documents/esp-hosted-h7/esp-common/esp_hosted_config.pb-c.c:906:8:esp_hosted_resp_scan_result__free_unpacked	16	static
C:/Users/khatti/Documents/esp-hosted-h7/esp-common/esp_hosted_config.pb-c.c:913:8:esp_hosted_connected_stalist__init	24	static
C:/Users/khatti/Documents/esp-hosted-h7/esp-common/esp_hosted_config.pb-c.c:919:8:esp_hosted_connected_stalist__get_packed_size	16	static
C:/Users/khatti/Documents/esp-hosted-h7/esp-common/esp_hosted_config.pb-c.c:925:8:esp_hosted_connected_stalist__pack	16	static
C:/Users/khatti/Documents/esp-hosted-h7/esp-common/esp_hosted_config.pb-c.c:932:8:esp_hosted_connected_stalist__pack_to_buffer	16	static
C:/Users/khatti/Documents/esp-hosted-h7/esp-common/esp_hosted_config.pb-c.c:940:8:esp_hosted_connected_stalist__unpack	24	static
C:/Users/khatti/Documents/esp-hosted-h7/esp-common/esp_hosted_config.pb-c.c:949:8:esp_hosted_connected_stalist__free_unpacked	16	static
C:/Users/khatti/Documents/esp-hosted-h7/esp-common/esp_hosted_config.pb-c.c:956:8:esp_hosted_cmd_connected_sta__init	16	static
C:/Users/khatti/Documents/esp-hosted-h7/esp-common/esp_hosted_config.pb-c.c:962:8:esp_hosted_cmd_connected_sta__get_packed_size	16	static
C:/Users/khatti/Documents/esp-hosted-h7/esp-common/esp_hosted_config.pb-c.c:968:8:esp_hosted_cmd_connected_sta__pack	16	static
C:/Users/khatti/Documents/esp-hosted-h7/esp-common/esp_hosted_config.pb-c.c:975:8:esp_hosted_cmd_connected_sta__pack_to_buffer	16	static
C:/Users/khatti/Documents/esp-hosted-h7/esp-common/esp_hosted_config.pb-c.c:983:8:esp_hosted_cmd_connected_sta__unpack	24	static
C:/Users/khatti/Documents/esp-hosted-h7/esp-common/esp_hosted_config.pb-c.c:992:8:esp_hosted_cmd_connected_sta__free_unpacked	16	static
C:/Users/khatti/Documents/esp-hosted-h7/esp-common/esp_hosted_config.pb-c.c:999:8:esp_hosted_resp_connected_sta__init	24	static
C:/Users/khatti/Documents/esp-hosted-h7/esp-common/esp_hosted_config.pb-c.c:1005:8:esp_hosted_resp_connected_sta__get_packed_size	16	static
C:/Users/khatti/Documents/esp-hosted-h7/esp-common/esp_hosted_config.pb-c.c:1011:8:esp_hosted_resp_connected_sta__pack	16	static
C:/Users/khatti/Documents/esp-hosted-h7/esp-common/esp_hosted_config.pb-c.c:1018:8:esp_hosted_resp_connected_sta__pack_to_buffer	16	static
C:/Users/khatti/Documents/esp-hosted-h7/esp-common/esp_hosted_config.pb-c.c:1026:8:esp_hosted_resp_connected_sta__unpack	24	static
C:/Users/khatti/Documents/esp-hosted-h7/esp-common/esp_hosted_config.pb-c.c:1035:8:esp_hosted_resp_connected_sta__free_unpacked	16	static
C:/Users/khatti/Documents/esp-hosted-h7/esp-common/esp_hosted_config.pb-c.c:1042:8:esp_hosted_cmd_otabegin__init	16	static
C:/Users/khatti/Documents/esp-hosted-h7/esp-common/esp_hosted_config.pb-c.c:1048:8:esp_hosted_cmd_otabegin__get_packed_size	16	static
C:/Users/khatti/Documents/esp-hosted-h7/esp-common/esp_hosted_config.pb-c.c:1054:8:esp_hosted_cmd_otabegin__pack	16	static
C:/Users/khatti/Documents/esp-hosted-h7/esp-common/esp_hosted_config.pb-c.c:1061:8:esp_hosted_cmd_otabegin__pack_to_buffer	16	static
C:/Users/khatti/Documents/esp-hosted-h7/esp-common/esp_hosted_config.pb-c.c:1069:8:esp_hosted_cmd_otabegin__unpack	24	static
C:/Users/khatti/Documents/esp-hosted-h7/esp-common/esp_hosted_config.pb-c.c:1078:8:esp_hosted_cmd_otabegin__free_unpacked	16	static
C:/Users/khatti/Documents/esp-hosted-h7/esp-common/esp_hosted_config.pb-c.c:1085:8:esp_hosted_resp_otabegin__init	24	static
C:/Users/khatti/Documents/esp-hosted-h7/esp-common/esp_hosted_config.pb-c.c:1091:8:esp_hosted_resp_otabegin__get_packed_size	16	static
C:/Users/khatti/Documents/esp-hosted-h7/esp-common/esp_hosted_config.pb-c.c:1097:8:esp_hosted_resp_otabegin__pack	16	static
C:/Users/khatti/Documents/esp-hosted-h7/esp-common/esp_hosted_config.pb-c.c:1104:8:esp_hosted_resp_otabegin__pack_to_buffer	16	static
C:/Users/khatti/Documents/esp-hosted-h7/esp-common/esp_hosted_config.pb-c.c:1112:8:esp_hosted_resp_otabegin__unpack	24	static
C:/Users/khatti/Documents/esp-hosted-h7/esp-common/esp_hosted_config.pb-c.c:1121:8:esp_hosted_resp_otabegin__free_unpacked	16	static
C:/Users/khatti/Documents/esp-hosted-h7/esp-common/esp_hosted_config.pb-c.c:1128:8:esp_hosted_cmd_otawrite__init	24	static
C:/Users/khatti/Documents/esp-hosted-h7/esp-common/esp_hosted_config.pb-c.c:1134:8:esp_hosted_cmd_otawrite__get_packed_size	16	static
C:/Users/khatti/Documents/esp-hosted-h7/esp-common/esp_hosted_config.pb-c.c:1140:8:esp_hosted_cmd_otawrite__pack	16	static
C:/Users/khatti/Documents/esp-hosted-h7/esp-common/esp_hosted_config.pb-c.c:1147:8:esp_hosted_cmd_otawrite__pack_to_buffer	16	static
C:/Users/khatti/Documents/esp-hosted-h7/esp-common/esp_hosted_config.pb-c.c:1155:8:esp_hosted_cmd_otawrite__unpack	24	static
C:/Users/khatti/Documents/esp-hosted-h7/esp-common/esp_hosted_config.pb-c.c:1164:8:esp_hosted_cmd_otawrite__free_unpacked	16	static
C:/Users/khatti/Documents/esp-hosted-h7/esp-common/esp_hosted_config.pb-c.c:1171:8:esp_hosted_resp_otawrite__init	24	static
C:/Users/khatti/Documents/esp-hosted-h7/esp-common/esp_hosted_config.pb-c.c:1177:8:esp_hosted_resp_otawrite__get_packed_size	16	static
C:/Users/khatti/Documents/esp-hosted-h7/esp-common/esp_hosted_config.pb-c.c:1183:8:esp_hosted_resp_otawrite__pack	16	static
C:/Users/khatti/Documents/esp-hosted-h7/esp-common/esp_hosted_config.pb-c.c:1190:8:esp_hosted_resp_otawrite__pack_to_buffer	16	static
C:/Users/khatti/Documents/esp-hosted-h7/esp-common/esp_hosted_config.pb-c.c:1198:8:esp_hosted_resp_otawrite__unpack	24	static
C:/Users/khatti/Documents/esp-hosted-h7/esp-common/esp_hosted_config.pb-c.c:1207:8:esp_hosted_resp_otawrite__free_unpacked	16	static
C:/Users/khatti/Documents/esp-hosted-h7/esp-common/esp_hosted_config.pb-c.c:1214:8:esp_hosted_cmd_otaend__init	16	static
C:/Users/khatti/Documents/esp-hosted-h7/esp-common/esp_hosted_config.pb-c.c:1220:8:esp_hosted_cmd_otaend__get_packed_size	16	static
C:/Users/khatti/Documents/esp-hosted-h7/esp-common/esp_hosted_config.pb-c.c:1226:8:esp_hosted_cmd_otaend__pack	16	static
C:/Users/khatti/Documents/esp-hosted-h7/esp-common/esp_hosted_config.pb-c.c:1233:8:esp_hosted_cmd_otaend__pack_to_buffer	16	static
C:/Users/khatti/Documents/esp-hosted-h7/esp-common/esp_hosted_config.pb-c.c:1241:8:esp_hosted_cmd_otaend__unpack	24	static
C:/Users/khatti/Documents/esp-hosted-h7/esp-common/esp_hosted_config.pb-c.c:1250:8:esp_hosted_cmd_otaend__free_unpacked	16	static
C:/Users/khatti/Documents/esp-hosted-h7/esp-common/esp_hosted_config.pb-c.c:1257:8:esp_hosted_resp_otaend__init	24	static
C:/Users/khatti/Documents/esp-hosted-h7/esp-common/esp_hosted_config.pb-c.c:1263:8:esp_hosted_resp_otaend__get_packed_size	16	static
C:/Users/khatti/Documents/esp-hosted-h7/esp-common/esp_hosted_config.pb-c.c:1269:8:esp_hosted_resp_otaend__pack	16	static
C:/Users/khatti/Documents/esp-hosted-h7/esp-common/esp_hosted_config.pb-c.c:1276:8:esp_hosted_resp_otaend__pack_to_buffer	16	static
C:/Users/khatti/Documents/esp-hosted-h7/esp-common/esp_hosted_config.pb-c.c:1284:8:esp_hosted_resp_otaend__unpack	24	static
C:/Users/khatti/Documents/esp-hosted-h7/esp-common/esp_hosted_config.pb-c.c:1293:8:esp_hosted_resp_otaend__free_unpacked	16	static
C:/Users/khatti/Documents/esp-hosted-h7/esp-common/esp_hosted_config.pb-c.c:1300:8:esp_hosted_cmd_set_vendor_specific_ie__init	24	static
C:/Users/khatti/Documents/esp-hosted-h7/esp-common/esp_hosted_config.pb-c.c:1306:8:esp_hosted_cmd_set_vendor_specific_ie__get_packed_size	16	static
C:/Users/khatti/Documents/esp-hosted-h7/esp-common/esp_hosted_config.pb-c.c:1312:8:esp_hosted_cmd_set_vendor_specific_ie__pack	16	static
C:/Users/khatti/Documents/esp-hosted-h7/esp-common/esp_hosted_config.pb-c.c:1319:8:esp_hosted_cmd_set_vendor_specific_ie__pack_to_buffer	16	static
C:/Users/khatti/Documents/esp-hosted-h7/esp-common/esp_hosted_config.pb-c.c:1327:8:esp_hosted_cmd_set_vendor_specific_ie__unpack	24	static
C:/Users/khatti/Documents/esp-hosted-h7/esp-common/esp_hosted_config.pb-c.c:1336:8:esp_hosted_cmd_set_vendor_specific_ie__free_unpacked	16	static
C:/Users/khatti/Documents/esp-hosted-h7/esp-common/esp_hosted_config.pb-c.c:1343:8:esp_hosted_resp_set_vendor_specific_ie__init	24	static
C:/Users/khatti/Documents/esp-hosted-h7/esp-common/esp_hosted_config.pb-c.c:1349:8:esp_hosted_resp_set_vendor_specific_ie__get_packed_size	16	static
C:/Users/khatti/Documents/esp-hosted-h7/esp-common/esp_hosted_config.pb-c.c:1355:8:esp_hosted_resp_set_vendor_specific_ie__pack	16	static
C:/Users/khatti/Documents/esp-hosted-h7/esp-common/esp_hosted_config.pb-c.c:1362:8:esp_hosted_resp_set_vendor_specific_ie__pack_to_buffer	16	static
C:/Users/khatti/Documents/esp-hosted-h7/esp-common/esp_hosted_config.pb-c.c:1370:8:esp_hosted_resp_set_vendor_specific_ie__unpack	24	static
C:/Users/khatti/Documents/esp-hosted-h7/esp-common/esp_hosted_config.pb-c.c:1379:8:esp_hosted_resp_set_vendor_specific_ie__free_unpacked	16	static
C:/Users/khatti/Documents/esp-hosted-h7/esp-common/esp_hosted_config.pb-c.c:1386:8:esp_hosted_cmd_set_wi_fi_maxtxpower__init	24	static
C:/Users/khatti/Documents/esp-hosted-h7/esp-common/esp_hosted_config.pb-c.c:1392:8:esp_hosted_cmd_set_wi_fi_maxtxpower__get_packed_size	16	static
C:/Users/khatti/Documents/esp-hosted-h7/esp-common/esp_hosted_config.pb-c.c:1398:8:esp_hosted_cmd_set_wi_fi_maxtxpower__pack	16	static
C:/Users/khatti/Documents/esp-hosted-h7/esp-common/esp_hosted_config.pb-c.c:1405:8:esp_hosted_cmd_set_wi_fi_maxtxpower__pack_to_buffer	16	static
C:/Users/khatti/Documents/esp-hosted-h7/esp-common/esp_hosted_config.pb-c.c:1413:8:esp_hosted_cmd_set_wi_fi_maxtxpower__unpack	24	static
C:/Users/khatti/Documents/esp-hosted-h7/esp-common/esp_hosted_config.pb-c.c:1422:8:esp_hosted_cmd_set_wi_fi_maxtxpower__free_unpacked	16	static
C:/Users/khatti/Documents/esp-hosted-h7/esp-common/esp_hosted_config.pb-c.c:1429:8:esp_hosted_resp_set_wi_fi_maxtxpower__init	24	static
C:/Users/khatti/Documents/esp-hosted-h7/esp-common/esp_hosted_config.pb-c.c:1435:8:esp_hosted_resp_set_wi_fi_maxtxpower__get_packed_size	16	static
C:/Users/khatti/Documents/esp-hosted-h7/esp-common/esp_hosted_config.pb-c.c:1441:8:esp_hosted_resp_set_wi_fi_maxtxpower__pack	16	static
C:/Users/khatti/Documents/esp-hosted-h7/esp-common/esp_hosted_config.pb-c.c:1448:8:esp_hosted_resp_set_wi_fi_maxtxpower__pack_to_buffer	16	static
C:/Users/khatti/Documents/esp-hosted-h7/esp-common/esp_hosted_config.pb-c.c:1456:8:esp_hosted_resp_set_wi_fi_maxtxpower__unpack	24	static
C:/Users/khatti/Documents/esp-hosted-h7/esp-common/esp_hosted_config.pb-c.c:1465:8:esp_hosted_resp_set_wi_fi_maxtxpower__free_unpacked	16	static
C:/Users/khatti/Documents/esp-hosted-h7/esp-common/esp_hosted_config.pb-c.c:1472:8:esp_hosted_cmd_get_wi_fi_curr_txpower__init	16	static
C:/Users/khatti/Documents/esp-hosted-h7/esp-common/esp_hosted_config.pb-c.c:1478:8:esp_hosted_cmd_get_wi_fi_curr_txpower__get_packed_size	16	static
C:/Users/khatti/Documents/esp-hosted-h7/esp-common/esp_hosted_config.pb-c.c:1484:8:esp_hosted_cmd_get_wi_fi_curr_txpower__pack	16	static
C:/Users/khatti/Documents/esp-hosted-h7/esp-common/esp_hosted_config.pb-c.c:1491:8:esp_hosted_cmd_get_wi_fi_curr_txpower__pack_to_buffer	16	static
C:/Users/khatti/Documents/esp-hosted-h7/esp-common/esp_hosted_config.pb-c.c:1499:8:esp_hosted_cmd_get_wi_fi_curr_txpower__unpack	24	static
C:/Users/khatti/Documents/esp-hosted-h7/esp-common/esp_hosted_config.pb-c.c:1508:8:esp_hosted_cmd_get_wi_fi_curr_txpower__free_unpacked	16	static
C:/Users/khatti/Documents/esp-hosted-h7/esp-common/esp_hosted_config.pb-c.c:1515:8:esp_hosted_resp_get_wi_fi_curr_txpower__init	24	static
C:/Users/khatti/Documents/esp-hosted-h7/esp-common/esp_hosted_config.pb-c.c:1521:8:esp_hosted_resp_get_wi_fi_curr_txpower__get_packed_size	16	static
C:/Users/khatti/Documents/esp-hosted-h7/esp-common/esp_hosted_config.pb-c.c:1527:8:esp_hosted_resp_get_wi_fi_curr_txpower__pack	16	static
C:/Users/khatti/Documents/esp-hosted-h7/esp-common/esp_hosted_config.pb-c.c:1534:8:esp_hosted_resp_get_wi_fi_curr_txpower__pack_to_buffer	16	static
C:/Users/khatti/Documents/esp-hosted-h7/esp-common/esp_hosted_config.pb-c.c:1542:8:esp_hosted_resp_get_wi_fi_curr_txpower__unpack	24	static
C:/Users/khatti/Documents/esp-hosted-h7/esp-common/esp_hosted_config.pb-c.c:1551:8:esp_hosted_resp_get_wi_fi_curr_txpower__free_unpacked	16	static
C:/Users/khatti/Documents/esp-hosted-h7/esp-common/esp_hosted_config.pb-c.c:1558:8:esp_hosted_config_payload__init	24	static
C:/Users/khatti/Documents/esp-hosted-h7/esp-common/esp_hosted_config.pb-c.c:1564:8:esp_hosted_config_payload__get_packed_size	16	static
C:/Users/khatti/Documents/esp-hosted-h7/esp-common/esp_hosted_config.pb-c.c:1570:8:esp_hosted_config_payload__pack	16	static
C:/Users/khatti/Documents/esp-hosted-h7/esp-common/esp_hosted_config.pb-c.c:1577:8:esp_hosted_config_payload__pack_to_buffer	16	static
C:/Users/khatti/Documents/esp-hosted-h7/esp-common/esp_hosted_config.pb-c.c:1585:8:esp_hosted_config_payload__unpack	24	static
C:/Users/khatti/Documents/esp-hosted-h7/esp-common/esp_hosted_config.pb-c.c:1594:8:esp_hosted_config_payload__free_unpacked	16	static
