C:/Users/khatti/STM32CubeIDE/workspace_1.8.0/esp-hosted-eval/Middlewares/ST/threadx/utility/rtos_compatibility_layers/FreeRTOS/tx_freertos.c:63:7:txfr_malloc	24	static
C:/Users/khatti/STM32CubeIDE/workspace_1.8.0/esp-hosted-eval/Middlewares/ST/threadx/utility/rtos_compatibility_layers/FreeRTOS/tx_freertos.c:80:6:txfr_free	24	static
C:/Users/khatti/STM32CubeIDE/workspace_1.8.0/esp-hosted-eval/Middlewares/ST/threadx/utility/rtos_compatibility_layers/FreeRTOS/tx_freertos.c:95:13:txfr_idle_task_entry	40	static,ignoring_inline_asm
C:/Users/khatti/STM32CubeIDE/workspace_1.8.0/esp-hosted-eval/Middlewares/ST/threadx/utility/rtos_compatibility_layers/FreeRTOS/tx_freertos.c:141:17:txfr_prio_fr_to_tx	16	static
C:/Users/khatti/STM32CubeIDE/workspace_1.8.0/esp-hosted-eval/Middlewares/ST/threadx/utility/rtos_compatibility_layers/FreeRTOS/tx_freertos.c:147:17:txfr_prio_tx_to_fr	16	static
C:/Users/khatti/STM32CubeIDE/workspace_1.8.0/esp-hosted-eval/Middlewares/ST/threadx/utility/rtos_compatibility_layers/FreeRTOS/tx_freertos.c:176:6:tx_freertos_init	48	static
C:/Users/khatti/STM32CubeIDE/workspace_1.8.0/esp-hosted-eval/Middlewares/ST/threadx/utility/rtos_compatibility_layers/FreeRTOS/tx_freertos.c:206:6:txfr_thread_wrapper	24	static
C:/Users/khatti/STM32CubeIDE/workspace_1.8.0/esp-hosted-eval/Middlewares/ST/threadx/utility/rtos_compatibility_layers/FreeRTOS/tx_freertos.c:226:7:pvPortMalloc	16	static
C:/Users/khatti/STM32CubeIDE/workspace_1.8.0/esp-hosted-eval/Middlewares/ST/threadx/utility/rtos_compatibility_layers/FreeRTOS/tx_freertos.c:231:6:vPortFree	16	static
C:/Users/khatti/STM32CubeIDE/workspace_1.8.0/esp-hosted-eval/Middlewares/ST/threadx/utility/rtos_compatibility_layers/FreeRTOS/tx_freertos.c:238:6:vPortEnterCritical	16	static,ignoring_inline_asm
C:/Users/khatti/STM32CubeIDE/workspace_1.8.0/esp-hosted-eval/Middlewares/ST/threadx/utility/rtos_compatibility_layers/FreeRTOS/tx_freertos.c:244:6:vPortExitCritical	4	static,ignoring_inline_asm
C:/Users/khatti/STM32CubeIDE/workspace_1.8.0/esp-hosted-eval/Middlewares/ST/threadx/utility/rtos_compatibility_layers/FreeRTOS/tx_freertos.c:257:6:vTaskStartScheduler	4	static
C:/Users/khatti/STM32CubeIDE/workspace_1.8.0/esp-hosted-eval/Middlewares/ST/threadx/utility/rtos_compatibility_layers/FreeRTOS/tx_freertos.c:267:12:xTaskGetSchedulerState	4	static
C:/Users/khatti/STM32CubeIDE/workspace_1.8.0/esp-hosted-eval/Middlewares/ST/threadx/utility/rtos_compatibility_layers/FreeRTOS/tx_freertos.c:277:6:vTaskSuspendAll	24	static,ignoring_inline_asm
C:/Users/khatti/STM32CubeIDE/workspace_1.8.0/esp-hosted-eval/Middlewares/ST/threadx/utility/rtos_compatibility_layers/FreeRTOS/tx_freertos.c:286:12:xTaskResumeAll	24	static,ignoring_inline_asm
C:/Users/khatti/STM32CubeIDE/workspace_1.8.0/esp-hosted-eval/Middlewares/ST/threadx/utility/rtos_compatibility_layers/FreeRTOS/tx_freertos.c:297:6:vTaskDelay	16	static
C:/Users/khatti/STM32CubeIDE/workspace_1.8.0/esp-hosted-eval/Middlewares/ST/threadx/utility/rtos_compatibility_layers/FreeRTOS/tx_freertos.c:302:14:xTaskCreateStatic	120	static,ignoring_inline_asm
C:/Users/khatti/STM32CubeIDE/workspace_1.8.0/esp-hosted-eval/Middlewares/ST/threadx/utility/rtos_compatibility_layers/FreeRTOS/tx_freertos.c:361:12:xTaskCreate	120	static,ignoring_inline_asm
C:/Users/khatti/STM32CubeIDE/workspace_1.8.0/esp-hosted-eval/Middlewares/ST/threadx/utility/rtos_compatibility_layers/FreeRTOS/tx_freertos.c:438:13:uxTaskGetNumberOfTasks	32	static,ignoring_inline_asm
C:/Users/khatti/STM32CubeIDE/workspace_1.8.0/esp-hosted-eval/Middlewares/ST/threadx/utility/rtos_compatibility_layers/FreeRTOS/tx_freertos.c:451:6:vTaskDelete	56	static,ignoring_inline_asm
C:/Users/khatti/STM32CubeIDE/workspace_1.8.0/esp-hosted-eval/Middlewares/ST/threadx/utility/rtos_compatibility_layers/FreeRTOS/tx_freertos.c:497:14:xTaskGetCurrentTaskHandle	16	static
C:/Users/khatti/STM32CubeIDE/workspace_1.8.0/esp-hosted-eval/Middlewares/ST/threadx/utility/rtos_compatibility_layers/FreeRTOS/tx_freertos.c:507:6:vTaskSuspend	24	static
C:/Users/khatti/STM32CubeIDE/workspace_1.8.0/esp-hosted-eval/Middlewares/ST/threadx/utility/rtos_compatibility_layers/FreeRTOS/tx_freertos.c:526:6:vTaskResume	32	static,ignoring_inline_asm
C:/Users/khatti/STM32CubeIDE/workspace_1.8.0/esp-hosted-eval/Middlewares/ST/threadx/utility/rtos_compatibility_layers/FreeRTOS/tx_freertos.c:540:12:xTaskResumeFromISR	24	static,ignoring_inline_asm
C:/Users/khatti/STM32CubeIDE/workspace_1.8.0/esp-hosted-eval/Middlewares/ST/threadx/utility/rtos_compatibility_layers/FreeRTOS/tx_freertos.c:550:12:xTaskAbortDelay	32	static,ignoring_inline_asm
C:/Users/khatti/STM32CubeIDE/workspace_1.8.0/esp-hosted-eval/Middlewares/ST/threadx/utility/rtos_compatibility_layers/FreeRTOS/tx_freertos.c:568:13:uxTaskPriorityGet	56	static
C:/Users/khatti/STM32CubeIDE/workspace_1.8.0/esp-hosted-eval/Middlewares/ST/threadx/utility/rtos_compatibility_layers/FreeRTOS/tx_freertos.c:592:13:uxTaskPriorityGetFromISR	16	static
C:/Users/khatti/STM32CubeIDE/workspace_1.8.0/esp-hosted-eval/Middlewares/ST/threadx/utility/rtos_compatibility_layers/FreeRTOS/tx_freertos.c:598:6:vTaskPrioritySet	40	static,ignoring_inline_asm
C:/Users/khatti/STM32CubeIDE/workspace_1.8.0/esp-hosted-eval/Middlewares/ST/threadx/utility/rtos_compatibility_layers/FreeRTOS/tx_freertos.c:626:7:pcTaskGetName	56	static
C:/Users/khatti/STM32CubeIDE/workspace_1.8.0/esp-hosted-eval/Middlewares/ST/threadx/utility/rtos_compatibility_layers/FreeRTOS/tx_freertos.c:648:12:eTaskGetState	48	static,ignoring_inline_asm
C:/Users/khatti/STM32CubeIDE/workspace_1.8.0/esp-hosted-eval/Middlewares/ST/threadx/utility/rtos_compatibility_layers/FreeRTOS/tx_freertos.c:705:6:vTaskDelayUntil	24	static
C:/Users/khatti/STM32CubeIDE/workspace_1.8.0/esp-hosted-eval/Middlewares/ST/threadx/utility/rtos_compatibility_layers/FreeRTOS/tx_freertos.c:717:12:xTaskNotifyGive	24	static,ignoring_inline_asm
C:/Users/khatti/STM32CubeIDE/workspace_1.8.0/esp-hosted-eval/Middlewares/ST/threadx/utility/rtos_compatibility_layers/FreeRTOS/tx_freertos.c:725:6:vTaskNotifyGiveFromISR	24	static,ignoring_inline_asm
C:/Users/khatti/STM32CubeIDE/workspace_1.8.0/esp-hosted-eval/Middlewares/ST/threadx/utility/rtos_compatibility_layers/FreeRTOS/tx_freertos.c:734:10:ulTaskNotifyTake	56	static,ignoring_inline_asm
C:/Users/khatti/STM32CubeIDE/workspace_1.8.0/esp-hosted-eval/Middlewares/ST/threadx/utility/rtos_compatibility_layers/FreeRTOS/tx_freertos.c:787:12:xTaskNotifyWait	72	static,ignoring_inline_asm
C:/Users/khatti/STM32CubeIDE/workspace_1.8.0/esp-hosted-eval/Middlewares/ST/threadx/utility/rtos_compatibility_layers/FreeRTOS/tx_freertos.c:845:12:xTaskNotify	32	static,ignoring_inline_asm
C:/Users/khatti/STM32CubeIDE/workspace_1.8.0/esp-hosted-eval/Middlewares/ST/threadx/utility/rtos_compatibility_layers/FreeRTOS/tx_freertos.c:855:12:xTaskNotifyFromISR	40	static,ignoring_inline_asm
C:/Users/khatti/STM32CubeIDE/workspace_1.8.0/esp-hosted-eval/Middlewares/ST/threadx/utility/rtos_compatibility_layers/FreeRTOS/tx_freertos.c:867:12:xTaskNotifyAndQuery	80	static,ignoring_inline_asm
C:/Users/khatti/STM32CubeIDE/workspace_1.8.0/esp-hosted-eval/Middlewares/ST/threadx/utility/rtos_compatibility_layers/FreeRTOS/tx_freertos.c:960:12:xTaskNotifyAndQueryFromISR	40	static,ignoring_inline_asm
C:/Users/khatti/STM32CubeIDE/workspace_1.8.0/esp-hosted-eval/Middlewares/ST/threadx/utility/rtos_compatibility_layers/FreeRTOS/tx_freertos.c:974:12:xTaskNotifyStateClear	56	static,ignoring_inline_asm
C:/Users/khatti/STM32CubeIDE/workspace_1.8.0/esp-hosted-eval/Middlewares/ST/threadx/utility/rtos_compatibility_layers/FreeRTOS/tx_freertos.c:1011:10:ulTaskNotifyValueClear	48	static,ignoring_inline_asm
C:/Users/khatti/STM32CubeIDE/workspace_1.8.0/esp-hosted-eval/Middlewares/ST/threadx/utility/rtos_compatibility_layers/FreeRTOS/tx_freertos.c:1039:19:xSemaphoreCreateCounting	40	static,ignoring_inline_asm
C:/Users/khatti/STM32CubeIDE/workspace_1.8.0/esp-hosted-eval/Middlewares/ST/threadx/utility/rtos_compatibility_layers/FreeRTOS/tx_freertos.c:1073:19:xSemaphoreCreateCountingStatic	56	static,ignoring_inline_asm
C:/Users/khatti/STM32CubeIDE/workspace_1.8.0/esp-hosted-eval/Middlewares/ST/threadx/utility/rtos_compatibility_layers/FreeRTOS/tx_freertos.c:1103:19:xSemaphoreCreateBinary	8	static
C:/Users/khatti/STM32CubeIDE/workspace_1.8.0/esp-hosted-eval/Middlewares/ST/threadx/utility/rtos_compatibility_layers/FreeRTOS/tx_freertos.c:1109:19:xSemaphoreCreateBinaryStatic	24	static,ignoring_inline_asm
C:/Users/khatti/STM32CubeIDE/workspace_1.8.0/esp-hosted-eval/Middlewares/ST/threadx/utility/rtos_compatibility_layers/FreeRTOS/tx_freertos.c:1117:19:xSemaphoreCreateMutex	16	static
C:/Users/khatti/STM32CubeIDE/workspace_1.8.0/esp-hosted-eval/Middlewares/ST/threadx/utility/rtos_compatibility_layers/FreeRTOS/tx_freertos.c:1148:19:xSemaphoreCreateMutexStatic	32	static,ignoring_inline_asm
C:/Users/khatti/STM32CubeIDE/workspace_1.8.0/esp-hosted-eval/Middlewares/ST/threadx/utility/rtos_compatibility_layers/FreeRTOS/tx_freertos.c:1168:19:xSemaphoreCreateRecursiveMutex	16	static
C:/Users/khatti/STM32CubeIDE/workspace_1.8.0/esp-hosted-eval/Middlewares/ST/threadx/utility/rtos_compatibility_layers/FreeRTOS/tx_freertos.c:1199:19:xSemaphoreCreateRecursiveMutexStatic	32	static,ignoring_inline_asm
C:/Users/khatti/STM32CubeIDE/workspace_1.8.0/esp-hosted-eval/Middlewares/ST/threadx/utility/rtos_compatibility_layers/FreeRTOS/tx_freertos.c:1224:6:vSemaphoreDelete	32	static,ignoring_inline_asm
C:/Users/khatti/STM32CubeIDE/workspace_1.8.0/esp-hosted-eval/Middlewares/ST/threadx/utility/rtos_compatibility_layers/FreeRTOS/tx_freertos.c:1247:12:xSemaphoreTake	40	static,ignoring_inline_asm
C:/Users/khatti/STM32CubeIDE/workspace_1.8.0/esp-hosted-eval/Middlewares/ST/threadx/utility/rtos_compatibility_layers/FreeRTOS/tx_freertos.c:1279:12:xSemaphoreTakeFromISR	32	static,ignoring_inline_asm
C:/Users/khatti/STM32CubeIDE/workspace_1.8.0/esp-hosted-eval/Middlewares/ST/threadx/utility/rtos_compatibility_layers/FreeRTOS/tx_freertos.c:1298:12:xSemaphoreTakeRecursive	32	static,ignoring_inline_asm
C:/Users/khatti/STM32CubeIDE/workspace_1.8.0/esp-hosted-eval/Middlewares/ST/threadx/utility/rtos_compatibility_layers/FreeRTOS/tx_freertos.c:1327:12:xSemaphoreGive	72	static,ignoring_inline_asm
C:/Users/khatti/STM32CubeIDE/workspace_1.8.0/esp-hosted-eval/Middlewares/ST/threadx/utility/rtos_compatibility_layers/FreeRTOS/tx_freertos.c:1393:12:xSemaphoreGiveFromISR	24	static,ignoring_inline_asm
C:/Users/khatti/STM32CubeIDE/workspace_1.8.0/esp-hosted-eval/Middlewares/ST/threadx/utility/rtos_compatibility_layers/FreeRTOS/tx_freertos.c:1401:12:xSemaphoreGiveRecursive	24	static,ignoring_inline_asm
C:/Users/khatti/STM32CubeIDE/workspace_1.8.0/esp-hosted-eval/Middlewares/ST/threadx/utility/rtos_compatibility_layers/FreeRTOS/tx_freertos.c:1409:13:uxSemaphoreGetCount	40	static,ignoring_inline_asm
C:/Users/khatti/STM32CubeIDE/workspace_1.8.0/esp-hosted-eval/Middlewares/ST/threadx/utility/rtos_compatibility_layers/FreeRTOS/tx_freertos.c:1425:14:xSemaphoreGetMutexHolder	24	static,ignoring_inline_asm
C:/Users/khatti/STM32CubeIDE/workspace_1.8.0/esp-hosted-eval/Middlewares/ST/threadx/utility/rtos_compatibility_layers/FreeRTOS/tx_freertos.c:1433:14:xSemaphoreGetMutexHolderFromISR	16	static
C:/Users/khatti/STM32CubeIDE/workspace_1.8.0/esp-hosted-eval/Middlewares/ST/threadx/utility/rtos_compatibility_layers/FreeRTOS/tx_freertos.c:1439:12:xTaskGetTickCount	8	static
C:/Users/khatti/STM32CubeIDE/workspace_1.8.0/esp-hosted-eval/Middlewares/ST/threadx/utility/rtos_compatibility_layers/FreeRTOS/tx_freertos.c:1444:12:xTaskGetTickCountFromISR	8	static
C:/Users/khatti/STM32CubeIDE/workspace_1.8.0/esp-hosted-eval/Middlewares/ST/threadx/utility/rtos_compatibility_layers/FreeRTOS/tx_freertos.c:1450:15:xQueueCreateStatic	64	static,ignoring_inline_asm
C:/Users/khatti/STM32CubeIDE/workspace_1.8.0/esp-hosted-eval/Middlewares/ST/threadx/utility/rtos_compatibility_layers/FreeRTOS/tx_freertos.c:1493:15:xQueueCreate	48	static,ignoring_inline_asm
C:/Users/khatti/STM32CubeIDE/workspace_1.8.0/esp-hosted-eval/Middlewares/ST/threadx/utility/rtos_compatibility_layers/FreeRTOS/tx_freertos.c:1546:6:vQueueDelete	32	static,ignoring_inline_asm
C:/Users/khatti/STM32CubeIDE/workspace_1.8.0/esp-hosted-eval/Middlewares/ST/threadx/utility/rtos_compatibility_layers/FreeRTOS/tx_freertos.c:1568:12:xQueueSend	64	static,ignoring_inline_asm
C:/Users/khatti/STM32CubeIDE/workspace_1.8.0/esp-hosted-eval/Middlewares/ST/threadx/utility/rtos_compatibility_layers/FreeRTOS/tx_freertos.c:1622:12:xQueueSendFromISR	40	static,ignoring_inline_asm
C:/Users/khatti/STM32CubeIDE/workspace_1.8.0/esp-hosted-eval/Middlewares/ST/threadx/utility/rtos_compatibility_layers/FreeRTOS/tx_freertos.c:1632:12:xQueueSendToBack	40	static,ignoring_inline_asm
C:/Users/khatti/STM32CubeIDE/workspace_1.8.0/esp-hosted-eval/Middlewares/ST/threadx/utility/rtos_compatibility_layers/FreeRTOS/tx_freertos.c:1642:12:xQueueSendToBackFromISR	40	static,ignoring_inline_asm
C:/Users/khatti/STM32CubeIDE/workspace_1.8.0/esp-hosted-eval/Middlewares/ST/threadx/utility/rtos_compatibility_layers/FreeRTOS/tx_freertos.c:1652:12:xQueueSendToFront	88	static,ignoring_inline_asm
C:/Users/khatti/STM32CubeIDE/workspace_1.8.0/esp-hosted-eval/Middlewares/ST/threadx/utility/rtos_compatibility_layers/FreeRTOS/tx_freertos.c:1724:12:xQueueSendToFrontFromISR	40	static,ignoring_inline_asm
C:/Users/khatti/STM32CubeIDE/workspace_1.8.0/esp-hosted-eval/Middlewares/ST/threadx/utility/rtos_compatibility_layers/FreeRTOS/tx_freertos.c:1734:12:xQueueReceive	64	static,ignoring_inline_asm
C:/Users/khatti/STM32CubeIDE/workspace_1.8.0/esp-hosted-eval/Middlewares/ST/threadx/utility/rtos_compatibility_layers/FreeRTOS/tx_freertos.c:1777:12:xQueueReceiveFromISR	48	static,ignoring_inline_asm
C:/Users/khatti/STM32CubeIDE/workspace_1.8.0/esp-hosted-eval/Middlewares/ST/threadx/utility/rtos_compatibility_layers/FreeRTOS/tx_freertos.c:1791:12:xQueuePeek	64	static,ignoring_inline_asm
C:/Users/khatti/STM32CubeIDE/workspace_1.8.0/esp-hosted-eval/Middlewares/ST/threadx/utility/rtos_compatibility_layers/FreeRTOS/tx_freertos.c:1833:12:xQueuePeekFromISR	32	static,ignoring_inline_asm
C:/Users/khatti/STM32CubeIDE/workspace_1.8.0/esp-hosted-eval/Middlewares/ST/threadx/utility/rtos_compatibility_layers/FreeRTOS/tx_freertos.c:1842:13:uxQueueMessagesWaiting	40	static,ignoring_inline_asm
C:/Users/khatti/STM32CubeIDE/workspace_1.8.0/esp-hosted-eval/Middlewares/ST/threadx/utility/rtos_compatibility_layers/FreeRTOS/tx_freertos.c:1858:13:uxQueueMessagesWaitingFromISR	24	static,ignoring_inline_asm
C:/Users/khatti/STM32CubeIDE/workspace_1.8.0/esp-hosted-eval/Middlewares/ST/threadx/utility/rtos_compatibility_layers/FreeRTOS/tx_freertos.c:1865:13:uxQueueSpacesAvailable	40	static,ignoring_inline_asm
C:/Users/khatti/STM32CubeIDE/workspace_1.8.0/esp-hosted-eval/Middlewares/ST/threadx/utility/rtos_compatibility_layers/FreeRTOS/tx_freertos.c:1881:12:xQueueIsQueueEmptyFromISR	40	static,ignoring_inline_asm
C:/Users/khatti/STM32CubeIDE/workspace_1.8.0/esp-hosted-eval/Middlewares/ST/threadx/utility/rtos_compatibility_layers/FreeRTOS/tx_freertos.c:1901:12:xQueueIsQueueFullFromISR	40	static,ignoring_inline_asm
C:/Users/khatti/STM32CubeIDE/workspace_1.8.0/esp-hosted-eval/Middlewares/ST/threadx/utility/rtos_compatibility_layers/FreeRTOS/tx_freertos.c:1922:12:xQueueReset	48	static,ignoring_inline_asm
C:/Users/khatti/STM32CubeIDE/workspace_1.8.0/esp-hosted-eval/Middlewares/ST/threadx/utility/rtos_compatibility_layers/FreeRTOS/tx_freertos.c:1965:12:xQueueOverwrite	64	static,ignoring_inline_asm
C:/Users/khatti/STM32CubeIDE/workspace_1.8.0/esp-hosted-eval/Middlewares/ST/threadx/utility/rtos_compatibility_layers/FreeRTOS/tx_freertos.c:2014:12:xQueueOverwriteFromISR	40	static,ignoring_inline_asm
C:/Users/khatti/STM32CubeIDE/workspace_1.8.0/esp-hosted-eval/Middlewares/ST/threadx/utility/rtos_compatibility_layers/FreeRTOS/tx_freertos.c:2025:20:xEventGroupCreate	16	static
C:/Users/khatti/STM32CubeIDE/workspace_1.8.0/esp-hosted-eval/Middlewares/ST/threadx/utility/rtos_compatibility_layers/FreeRTOS/tx_freertos.c:2053:20:xEventGroupCreateStatic	32	static,ignoring_inline_asm
C:/Users/khatti/STM32CubeIDE/workspace_1.8.0/esp-hosted-eval/Middlewares/ST/threadx/utility/rtos_compatibility_layers/FreeRTOS/tx_freertos.c:2076:6:vEventGroupDelete	32	static,ignoring_inline_asm
C:/Users/khatti/STM32CubeIDE/workspace_1.8.0/esp-hosted-eval/Middlewares/ST/threadx/utility/rtos_compatibility_layers/FreeRTOS/tx_freertos.c:2093:13:xEventGroupWaitBits	56	static,ignoring_inline_asm
C:/Users/khatti/STM32CubeIDE/workspace_1.8.0/esp-hosted-eval/Middlewares/ST/threadx/utility/rtos_compatibility_layers/FreeRTOS/tx_freertos.c:2134:13:xEventGroupSetBits	40	static,ignoring_inline_asm
C:/Users/khatti/STM32CubeIDE/workspace_1.8.0/esp-hosted-eval/Middlewares/ST/threadx/utility/rtos_compatibility_layers/FreeRTOS/tx_freertos.c:2157:12:xEventGroupSetBitsFromISR	32	static,ignoring_inline_asm
C:/Users/khatti/STM32CubeIDE/workspace_1.8.0/esp-hosted-eval/Middlewares/ST/threadx/utility/rtos_compatibility_layers/FreeRTOS/tx_freertos.c:2166:13:xEventGroupClearBits	72	static,ignoring_inline_asm
C:/Users/khatti/STM32CubeIDE/workspace_1.8.0/esp-hosted-eval/Middlewares/ST/threadx/utility/rtos_compatibility_layers/FreeRTOS/tx_freertos.c:2198:12:xEventGroupClearBitsFromISR	24	static,ignoring_inline_asm
C:/Users/khatti/STM32CubeIDE/workspace_1.8.0/esp-hosted-eval/Middlewares/ST/threadx/utility/rtos_compatibility_layers/FreeRTOS/tx_freertos.c:2206:13:xEventGroupGetBits	40	static,ignoring_inline_asm
C:/Users/khatti/STM32CubeIDE/workspace_1.8.0/esp-hosted-eval/Middlewares/ST/threadx/utility/rtos_compatibility_layers/FreeRTOS/tx_freertos.c:2223:13:xEventGroupGetBitsFromISR	24	static,ignoring_inline_asm
C:/Users/khatti/STM32CubeIDE/workspace_1.8.0/esp-hosted-eval/Middlewares/ST/threadx/utility/rtos_compatibility_layers/FreeRTOS/tx_freertos.c:2231:6:txfr_timer_callback_wrapper	24	static
C:/Users/khatti/STM32CubeIDE/workspace_1.8.0/esp-hosted-eval/Middlewares/ST/threadx/utility/rtos_compatibility_layers/FreeRTOS/tx_freertos.c:2245:15:xTimerCreate	72	static,ignoring_inline_asm
C:/Users/khatti/STM32CubeIDE/workspace_1.8.0/esp-hosted-eval/Middlewares/ST/threadx/utility/rtos_compatibility_layers/FreeRTOS/tx_freertos.c:2292:15:xTimerCreateStatic	72	static,ignoring_inline_asm
C:/Users/khatti/STM32CubeIDE/workspace_1.8.0/esp-hosted-eval/Middlewares/ST/threadx/utility/rtos_compatibility_layers/FreeRTOS/tx_freertos.c:2333:12:xTimerDelete	32	static,ignoring_inline_asm
C:/Users/khatti/STM32CubeIDE/workspace_1.8.0/esp-hosted-eval/Middlewares/ST/threadx/utility/rtos_compatibility_layers/FreeRTOS/tx_freertos.c:2353:12:xTimerIsTimerActive	40	static,ignoring_inline_asm
C:/Users/khatti/STM32CubeIDE/workspace_1.8.0/esp-hosted-eval/Middlewares/ST/threadx/utility/rtos_compatibility_layers/FreeRTOS/tx_freertos.c:2373:12:xTimerStart	32	static,ignoring_inline_asm
C:/Users/khatti/STM32CubeIDE/workspace_1.8.0/esp-hosted-eval/Middlewares/ST/threadx/utility/rtos_compatibility_layers/FreeRTOS/tx_freertos.c:2389:12:xTimerStop	32	static,ignoring_inline_asm
C:/Users/khatti/STM32CubeIDE/workspace_1.8.0/esp-hosted-eval/Middlewares/ST/threadx/utility/rtos_compatibility_layers/FreeRTOS/tx_freertos.c:2405:12:xTimerChangePeriod	72	static,ignoring_inline_asm
C:/Users/khatti/STM32CubeIDE/workspace_1.8.0/esp-hosted-eval/Middlewares/ST/threadx/utility/rtos_compatibility_layers/FreeRTOS/tx_freertos.c:2445:12:xTimerReset	56	static,ignoring_inline_asm
C:/Users/khatti/STM32CubeIDE/workspace_1.8.0/esp-hosted-eval/Middlewares/ST/threadx/utility/rtos_compatibility_layers/FreeRTOS/tx_freertos.c:2483:12:xTimerStartFromISR	24	static,ignoring_inline_asm
C:/Users/khatti/STM32CubeIDE/workspace_1.8.0/esp-hosted-eval/Middlewares/ST/threadx/utility/rtos_compatibility_layers/FreeRTOS/tx_freertos.c:2492:12:xTimerStopFromISR	24	static,ignoring_inline_asm
C:/Users/khatti/STM32CubeIDE/workspace_1.8.0/esp-hosted-eval/Middlewares/ST/threadx/utility/rtos_compatibility_layers/FreeRTOS/tx_freertos.c:2501:12:xTimerChangePeriodFromISR	40	static,ignoring_inline_asm
C:/Users/khatti/STM32CubeIDE/workspace_1.8.0/esp-hosted-eval/Middlewares/ST/threadx/utility/rtos_compatibility_layers/FreeRTOS/tx_freertos.c:2512:12:xTimerResetFromISR	24	static,ignoring_inline_asm
C:/Users/khatti/STM32CubeIDE/workspace_1.8.0/esp-hosted-eval/Middlewares/ST/threadx/utility/rtos_compatibility_layers/FreeRTOS/tx_freertos.c:2521:7:pvTimerGetTimerID	48	static,ignoring_inline_asm
C:/Users/khatti/STM32CubeIDE/workspace_1.8.0/esp-hosted-eval/Middlewares/ST/threadx/utility/rtos_compatibility_layers/FreeRTOS/tx_freertos.c:2535:6:vTimerSetTimerID	40	static,ignoring_inline_asm
C:/Users/khatti/STM32CubeIDE/workspace_1.8.0/esp-hosted-eval/Middlewares/ST/threadx/utility/rtos_compatibility_layers/FreeRTOS/tx_freertos.c:2548:6:vTimerSetReloadMode	64	static,ignoring_inline_asm
C:/Users/khatti/STM32CubeIDE/workspace_1.8.0/esp-hosted-eval/Middlewares/ST/threadx/utility/rtos_compatibility_layers/FreeRTOS/tx_freertos.c:2589:14:pcTimerGetName	24	static,ignoring_inline_asm
C:/Users/khatti/STM32CubeIDE/workspace_1.8.0/esp-hosted-eval/Middlewares/ST/threadx/utility/rtos_compatibility_layers/FreeRTOS/tx_freertos.c:2597:12:xTimerGetPeriod	48	static,ignoring_inline_asm
C:/Users/khatti/STM32CubeIDE/workspace_1.8.0/esp-hosted-eval/Middlewares/ST/threadx/utility/rtos_compatibility_layers/FreeRTOS/tx_freertos.c:2614:12:xTimerGetExpiryTime	64	static,ignoring_inline_asm
C:/Users/khatti/STM32CubeIDE/workspace_1.8.0/esp-hosted-eval/Middlewares/ST/threadx/utility/rtos_compatibility_layers/FreeRTOS/tx_freertos.c:2639:13:uxTimerGetReloadMode	48	static,ignoring_inline_asm
C:/Users/khatti/STM32CubeIDE/workspace_1.8.0/esp-hosted-eval/Middlewares/ST/threadx/utility/rtos_compatibility_layers/FreeRTOS/tx_freertos.c:2660:18:xQueueCreateSet	48	static,ignoring_inline_asm
C:/Users/khatti/STM32CubeIDE/workspace_1.8.0/esp-hosted-eval/Middlewares/ST/threadx/utility/rtos_compatibility_layers/FreeRTOS/tx_freertos.c:2697:12:xQueueAddToSet	80	static,ignoring_inline_asm
C:/Users/khatti/STM32CubeIDE/workspace_1.8.0/esp-hosted-eval/Middlewares/ST/threadx/utility/rtos_compatibility_layers/FreeRTOS/tx_freertos.c:2738:12:xQueueRemoveFromSet	80	static,ignoring_inline_asm
C:/Users/khatti/STM32CubeIDE/workspace_1.8.0/esp-hosted-eval/Middlewares/ST/threadx/utility/rtos_compatibility_layers/FreeRTOS/tx_freertos.c:2782:24:xQueueSelectFromSet	40	static,ignoring_inline_asm
C:/Users/khatti/STM32CubeIDE/workspace_1.8.0/esp-hosted-eval/Middlewares/ST/threadx/utility/rtos_compatibility_layers/FreeRTOS/tx_freertos.c:2806:24:xQueueSelectFromSetFromISR	16	static
