C:/Users/khatti/Documents/esp-hosted-h7/host/stm32/app/data/arp_server_stub.c:82:13:arping_set_ipaddr	32	static
C:/Users/khatti/Documents/esp-hosted-h7/host/stm32/app/data/arp_server_stub.c:100:17:arping_get_ipaddr	24	static
C:/Users/khatti/Documents/esp-hosted-h7/host/stm32/app/data/arp_server_stub.c:122:13:arping_set_mac	24	static
C:/Users/khatti/Documents/esp-hosted-h7/host/stm32/app/data/arp_server_stub.c:143:18:arping_get_mac	24	static
C:/Users/khatti/Documents/esp-hosted-h7/host/stm32/app/data/arp_server_stub.c:167:13:arping_set_opcode	24	static
C:/Users/khatti/Documents/esp-hosted-h7/host/stm32/app/data/arp_server_stub.c:178:17:arping_get_opcode	24	static
C:/Users/khatti/Documents/esp-hosted-h7/host/stm32/app/data/arp_server_stub.c:192:17:arping_get_protocol	24	static
C:/Users/khatti/Documents/esp-hosted-h7/host/stm32/app/data/arp_server_stub.c:206:13:arping_swap_ip_addresses	24	static
C:/Users/khatti/Documents/esp-hosted-h7/host/stm32/app/data/arp_server_stub.c:229:13:arping_change_mac_addresses	24	static
C:/Users/khatti/Documents/esp-hosted-h7/host/stm32/app/data/arp_server_stub.c:253:16:is_arp_packet	24	static
C:/Users/khatti/Documents/esp-hosted-h7/host/stm32/app/data/arp_server_stub.c:272:13:display_arp	152	static
C:/Users/khatti/Documents/esp-hosted-h7/host/stm32/app/data/arp_server_stub.c:297:16:is_arp_pkt_for_me	24	static
C:/Users/khatti/Documents/esp-hosted-h7/host/stm32/app/data/arp_server_stub.c:321:11:arp_req_handler	32	static
C:/Users/khatti/Documents/esp-hosted-h7/host/stm32/app/data/arp_server_stub.c:379:11:send_arp_req	48	static
