C:/Users/khatti/Documents/esp-hosted-h7/host/stm32/driver/spi/spi_drv.c:104:29:get_priv	24	static
C:/Users/khatti/Documents/esp-hosted-h7/host/stm32/driver/spi/spi_drv.c:123:12:esp_netdev_open	16	static
C:/Users/khatti/Documents/esp-hosted-h7/host/stm32/driver/spi/spi_drv.c:133:12:esp_netdev_close	16	static
C:/Users/khatti/Documents/esp-hosted-h7/host/stm32/driver/spi/spi_drv.c:144:12:esp_netdev_xmit	24	static
C:/Users/khatti/Documents/esp-hosted-h7/host/stm32/driver/spi/spi_drv.c:168:18:init_netdev	32	static
C:/Users/khatti/Documents/esp-hosted-h7/host/stm32/driver/spi/spi_drv.c:213:13:deinit_netdev	16	static
C:/Users/khatti/Documents/esp-hosted-h7/host/stm32/driver/spi/spi_drv.c:230:12:is_gpio_alternate_function_set	32	static
C:/Users/khatti/Documents/esp-hosted-h7/host/stm32/driver/spi/spi_drv.c:268:13:set_hardware_type	8	static
C:/Users/khatti/Documents/esp-hosted-h7/host/stm32/driver/spi/spi_drv.c:285:6:stm_spi_init	56	static
C:/Users/khatti/Documents/esp-hosted-h7/host/stm32/driver/spi/spi_drv.c:336:6:HAL_GPIO_EXTI_Callback	16	static
C:/Users/khatti/Documents/esp-hosted-h7/host/stm32/driver/spi/spi_drv.c:355:13:check_and_execute_spi_transaction	16	static
C:/Users/khatti/Documents/esp-hosted-h7/host/stm32/driver/spi/spi_drv.c:398:11:send_to_slave	40	static
C:/Users/khatti/Documents/esp-hosted-h7/host/stm32/driver/spi/spi_drv.c:442:13:stop_spi_transactions_for_msec	16	static
C:/Users/khatti/Documents/esp-hosted-h7/host/stm32/driver/spi/spi_drv.c:452:18:spi_transaction_esp32	64	static
C:/Users/khatti/Documents/esp-hosted-h7/host/stm32/driver/spi/spi_drv.c:569:18:spi_transaction_esp32s2	64	static
C:/Users/khatti/Documents/esp-hosted-h7/host/stm32/driver/spi/spi_drv.c:687:13:transaction_task	16	static
C:/Users/khatti/Documents/esp-hosted-h7/host/stm32/driver/spi/spi_drv.c:711:13:process_rx_task	56	static
C:/Users/khatti/Documents/esp-hosted-h7/host/stm32/driver/spi/spi_drv.c:794:18:get_tx_buffer	64	static
