C:/Users/khatti/Documents/esp-hosted-h7/host/host_common/commands.c:100:5:wifi_get_mac	72	static
C:/Users/khatti/Documents/esp-hosted-h7/host/host_common/commands.c:179:5:wifi_set_mac	72	static
C:/Users/khatti/Documents/esp-hosted-h7/host/host_common/commands.c:263:5:wifi_get_mode	64	static
C:/Users/khatti/Documents/esp-hosted-h7/host/host_common/commands.c:324:5:wifi_set_mode	72	static
C:/Users/khatti/Documents/esp-hosted-h7/host/host_common/commands.c:401:5:wifi_set_ap_config	64	static
C:/Users/khatti/Documents/esp-hosted-h7/host/host_common/commands.c:510:5:wifi_get_ap_config	72	static
C:/Users/khatti/Documents/esp-hosted-h7/host/host_common/commands.c:600:5:wifi_disconnect_ap	56	static
C:/Users/khatti/Documents/esp-hosted-h7/host/host_common/commands.c:656:5:wifi_set_softap_config	64	static
C:/Users/khatti/Documents/esp-hosted-h7/host/host_common/commands.c:778:5:wifi_get_softap_config	64	static
C:/Users/khatti/Documents/esp-hosted-h7/host/host_common/commands.c:854:5:wifi_stop_softap	56	static
C:/Users/khatti/Documents/esp-hosted-h7/host/host_common/commands.c:911:29:wifi_ap_scan_list	72	static
C:/Users/khatti/Documents/esp-hosted-h7/host/host_common/commands.c:1001:42:wifi_connected_stations_list	72	static
C:/Users/khatti/Documents/esp-hosted-h7/host/host_common/commands.c:1080:5:wifi_set_power_save_mode	72	static
C:/Users/khatti/Documents/esp-hosted-h7/host/host_common/commands.c:1157:5:wifi_get_power_save_mode	64	static
C:/Users/khatti/Documents/esp-hosted-h7/host/host_common/commands.c:1220:5:wifi_set_vendor_specific_ie	72	static
C:/Users/khatti/Documents/esp-hosted-h7/host/host_common/commands.c:1311:5:wifi_set_max_tx_power	72	static
C:/Users/khatti/Documents/esp-hosted-h7/host/host_common/commands.c:1391:5:wifi_get_curr_tx_power	64	static
C:/Users/khatti/Documents/esp-hosted-h7/host/host_common/commands.c:1452:5:esp_ota_begin	56	static
C:/Users/khatti/Documents/esp-hosted-h7/host/host_common/commands.c:1508:5:esp_ota_write	72	static
C:/Users/khatti/Documents/esp-hosted-h7/host/host_common/commands.c:1585:5:esp_ota_end	56	static
